{
    "1a": "[\"(A Warner Bros.-First National Picture) (presents)\", \"A Clockwork Orange\", 1934] ",
    "2a": "[\"'Doc'\"] ",
    "3a": "[\"2 Days in New York\"] ",
    "4a": "[\"5.1\", \"& Teller 2\"] ",
    "5a": "[NULL] ",
    "5c": "[\"11,830,420\"] ",
    "6a": "[\"marvel-cinematic-universe\", \"Downey Jr., Robert\", \"Iron Man 3\"] ",
    "7a": "[\"Antonioni, Michelangelo\", \"Dressed to Kill\"] ",
    "8a": "[\"Chambers, Linda\", \".hack//Quantum\"] ",
    "9a": "[\"AJ\", \"Airport Announcer\", \"Blue Harvest\"] ",
    "10a": "[\"Actor\", \"12 Rounds\"] ",
    "11a": "[\"Churchill Films\", \"followed by\", \"Batman Beyond\"] ",
    "12a": "[\"10th Grade Reunion Films\", \"8.1\", \"3:20\"] ",
    "13a": "[\"Afghanistan:24 June 2012\", \"1.0\", \"&Me\"] ",
    "14a": "[\"1.0\", \"$lowdown\"] ",
    "15a": "[\"USA:1 June 2007\", \"Battlestar Galactica: The Resistance\"] ",
    "16a": "[\"Adams, Stan\", \"Carol Burnett vs. Anthony Perkins\"] ",
    "17a": "[\"B, Khaz\", \"B, Khaz\"] ",
    "18a": "[\"$1,000\", \"10\", \"40 Days and 40 Nights\"] ",
    "19a": "[\"Angeline, Moriah\", \"Blue Harvest\"] ",
    "20a": "[\"Disaster Movie\"] ",
    "21a": "[\"Det Danske Filminstitut\", \"followed by\", \"Der Serienkiller - Klinge des Todes\"] ",
    "22a": "[\"01 Distribution\", \"2.1\", \"12 Rounds\"] ",
    "23a": "[\"movie\", \"The Analysts\"] ",
    "24a": "[\"Additional Voices\", \"Baker, Andrea\", \"Baiohaz\u00e2do 6\"] ",
    "25a": "[\"Horror\", \"10\", \"Abdallah, Damon\", \"-- And Now the Screaming Starts!\"] ",
    "26a": "[\"'Agua' Man\", \"7.1\", \"Acereda, Hermie\", \"3:10 to Yuma\"] ",
    "27a": "[\"Det Danske Filminstitut\", \"followed by\", \"Sp\u00e5r i m\u00f6rker\"] ",
    "28a": "[\"01 Distribuzione\", \"2.9\", \"(#1.1)\"] ",
    "29a": "[\"Queen\", \"Andrews, Julie\", \"Shrek 2\"] ",
    "30a": "[\"Horror\", \"100356\", \"Abrams, J.J.\", \"16 Blocks\"] ",
    "31a": "[\"Horror\", \"1040\", \"Agnew, Jim\", \"2001 Maniacs\"] ",
    "32a": "[NULL, NULL, NULL] ",
    "32b": "[\"alternate language version of\", \"12 oz. Mouse\", \"'Angel': Season 2 Overview\"] ",
    "33a": "[\"495 Productions\", \"495 Productions\", \"3.3\", \"2.7\", \"A Double Shot at Love\", \"A Shot at Love with Tila Tequila\"] "
}